---
source: crates/uv-resolver/src/lock/mod.rs
expression: result
---
Ok(
    Lock {
        version: 1,
        fork_markers: [],
        supported_environments: [],
        requires_python: RequiresPython {
            specifiers: VersionSpecifiers(
                [
                    VersionSpecifier {
                        operator: GreaterThanEqual,
                        version: "3.12",
                    },
                ],
            ),
            range: RequiresPythonRange(
                LowerBound(
                    Included(
                        "3.12",
                    ),
                ),
                UpperBound(
                    Unbounded,
                ),
            ),
        },
        options: ResolverOptions {
            resolution_mode: Highest,
            prerelease_mode: IfNecessaryOrExplicit,
            exclude_newer: None,
        },
        packages: [
            Package {
                id: PackageId {
                    name: PackageName(
                        "anyio",
                    ),
                    version: "4.3.0",
                    source: Path(
                        "file:///foo/bar",
                    ),
                },
                sdist: None,
                wheels: [
                    Wheel {
                        url: Url {
                            url: UrlString(
                                "file:///foo/bar/anyio-4.3.0-py3-none-any.whl",
                            ),
                        },
                        hash: Some(
                            Hash(
                                HashDigest {
                                    algorithm: Sha256,
                                    digest: "048e05d0f6caeed70d731f3db756d35dcc1f35747c8c403364a8332c630441b8",
                                },
                            ),
                        ),
                        size: None,
                        filename: WheelFilename {
                            name: PackageName(
                                "anyio",
                            ),
                            version: "4.3.0",
                            build_tag: None,
                            python_tag: [
                                "py3",
                            ],
                            abi_tag: [
                                "none",
                            ],
                            platform_tag: [
                                "any",
                            ],
                        },
                    },
                ],
                fork_markers: [],
                dependencies: [],
                optional_dependencies: {},
                dev_dependencies: {},
                metadata: PackageMetadata {
                    requires_dist: {},
                    requires_dev: {},
                },
            },
        ],
        by_id: {
            PackageId {
                name: PackageName(
                    "anyio",
                ),
                version: "4.3.0",
                source: Path(
                    "file:///foo/bar",
                ),
            }: 0,
        },
        manifest: ResolverManifest {
            members: {},
            requirements: {},
            constraints: {},
            overrides: {},
        },
    },
)
