cargo.exe :     Blocking waiting for file lock on artifact directory
At line:1 char:1
+ & "$env:USERPROFILE\.cargo\bin\cargo.exe" test --test it lock_upgrade ...
+ ~~~~~~~~~~~~~~~~~~~~~~~~~~~~~~~~~~~~~~~~~~~~~~~~~~~~~~~~~~~~~~~~~~~~~
    + CategoryInfo          : NotSpecified: (    Blocking wa...ifact directory 
   :String) [], RemoteException
    + FullyQualifiedErrorId : NativeCommandError
 
   Compiling proc-macro2 v1.0.106
   Compiling quote v1.0.45
   Compiling getrandom v0.3.3
   Compiling serde_core v1.0.228
   Compiling thiserror v2.0.18
   Compiling serde v1.0.228
   Compiling autocfg v1.5.0
   Compiling zmij v1.0.21
   Compiling mio v1.1.1
   Compiling socket2 v0.6.3
   Compiling stable_deref_trait v1.2.1
   Compiling futures-core v0.3.32
error: linker `link.exe` not found
  |
  = note: program not found

note: the msvc targets depend on the msvc linker but `link.exe` was not found

note: please ensure that Visual Studio 2017 or later, or Build Tools for 
Visual Studio were installed with the Visual C++ option.

note: VS Code is a different product, and is not sufficient.

   Compiling version_check v0.9.5
error: could not compile `quote` (build script) due to 1 previous error
warning: build failed, waiting for other jobs to finish...
error: could not compile `zmij` (build script) due to 1 previous error
error: could not compile `serde_core` (build script) due to 1 previous error
error: could not compile `serde` (build script) due to 1 previous error
error: could not compile `proc-macro2` (build script) due to 1 previous error
error: could not compile `getrandom` (build script) due to 1 previous error
error: could not compile `thiserror` (build script) due to 1 previous error
