---
source: crates/uv-macho/src/macho/tests.rs
expression: "failures.join(\"\\n\")"
---
fat: Unsupported Mach-O: expected a thin little-endian 64-bit dylib
32-bit: Unsupported Mach-O: expected a thin little-endian 64-bit dylib
swapped: Unsupported Mach-O: expected a thin little-endian 64-bit dylib
executable: Unsupported Mach-O: expected a thin little-endian 64-bit dylib
command count: Malformed Mach-O: invalid load-command count
command size: Malformed Mach-O: invalid load-command size
command alignment: Malformed Mach-O: invalid load-command size
short segment: Malformed Mach-O: range extends past its containing data
unknown command: Unsupported Mach-O: load command
section count: Malformed Mach-O: range extends past its containing data
section file offset: Malformed Mach-O: range extends past its containing data
segment overlap: Malformed Mach-O: invalid or duplicate __TEXT segment
