---
source: crates/requirements-txt/src/lib.rs
expression: actual
---
RequirementsTxt {
    requirements: [
        RequirementEntry {
            requirement: Named(
                Requirement {
                    name: PackageName(
                        "numpy",
                    ),
                    extras: [],
                    version_or_url: None,
                    marker: None,
                    origin: Some(
                        File(
                            "<REQUIREMENTS_DIR>/whitespace.txt",
                        ),
                    ),
                },
            ),
            hashes: [],
        },
        RequirementEntry {
            requirement: Named(
                Requirement {
                    name: PackageName(
                        "pandas",
                    ),
                    extras: [
                        ExtraName(
                            "tabulate",
                        ),
                    ],
                    version_or_url: Some(
                        Url(
                            VerbatimParsedUrl {
                                parsed_url: Archive(
                                    ParsedArchiveUrl {
                                        url: Url {
                                            scheme: "https",
                                            cannot_be_a_base: false,
                                            username: "",
                                            password: None,
                                            host: Some(
                                                Domain(
                                                    "github.com",
                                                ),
                                            ),
                                            port: None,
                                            path: "/pandas-dev/pandas",
                                            query: None,
                                            fragment: None,
                                        },
                                        subdirectory: None,
                                    },
                                ),
                                verbatim: VerbatimUrl {
                                    url: Url {
                                        scheme: "https",
                                        cannot_be_a_base: false,
                                        username: "",
                                        password: None,
                                        host: Some(
                                            Domain(
                                                "github.com",
                                            ),
                                        ),
                                        port: None,
                                        path: "/pandas-dev/pandas",
                                        query: None,
                                        fragment: None,
                                    },
                                    given: Some(
                                        "https://github.com/pandas-dev/pandas",
                                    ),
                                },
                            },
                        ),
                    ),
                    marker: None,
                    origin: Some(
                        File(
                            "<REQUIREMENTS_DIR>/whitespace.txt",
                        ),
                    ),
                },
            ),
            hashes: [],
        },
    ],
    constraints: [],
    editables: [],
    index_url: None,
    extra_index_urls: [],
    find_links: [],
    no_index: false,
    no_binary: None,
    only_binary: None,
}
