---
source: crates/requirements-txt/src/lib.rs
expression: actual
---
RequirementsTxt {
    requirements: [
        RequirementEntry {
            requirement: Uv(
                UvRequirement {
                    name: PackageName(
                        "numpy",
                    ),
                    extras: [],
                    marker: None,
                    source: Registry {
                        version: VersionSpecifiers(
                            [],
                        ),
                        index: None,
                    },
                },
            ),
            hashes: [],
        },
        RequirementEntry {
            requirement: Uv(
                UvRequirement {
                    name: PackageName(
                        "pandas",
                    ),
                    extras: [
                        ExtraName(
                            "tabulate",
                        ),
                    ],
                    marker: None,
                    source: Url {
                        subdirectory: None,
                        url: VerbatimUrl {
                            url: Url {
                                scheme: "https",
                                cannot_be_a_base: false,
                                username: "",
                                password: None,
                                host: Some(
                                    Domain(
                                        "github.com",
                                    ),
                                ),
                                port: None,
                                path: "/pandas-dev/pandas",
                                query: None,
                                fragment: None,
                            },
                            given: Some(
                                "https://github.com/pandas-dev/pandas",
                            ),
                        },
                    },
                },
            ),
            hashes: [],
        },
    ],
    constraints: [],
    editables: [],
    index_url: None,
    extra_index_urls: [],
    find_links: [],
    no_index: false,
    no_binary: None,
    only_binary: None,
}
