---
source: crates/requirements-txt/src/lib.rs
expression: actual
---
RequirementsTxt {
    requirements: [
        RequirementEntry {
            requirement: Requirement {
                name: PackageName(
                    "tqdm",
                ),
                extras: None,
                version_or_url: Some(
                    VersionSpecifier(
                        VersionSpecifiers(
                            [
                                VersionSpecifier {
                                    operator: Equal,
                                    version: Version {
                                        epoch: 0,
                                        release: [
                                            4,
                                            65,
                                            0,
                                        ],
                                        pre: None,
                                        post: None,
                                        dev: None,
                                        local: None,
                                    },
                                },
                            ],
                        ),
                    ),
                ),
                marker: None,
            },
            hashes: [],
            editable: false,
        },
        RequirementEntry {
            requirement: Requirement {
                name: PackageName(
                    "tomli-w",
                ),
                extras: None,
                version_or_url: Some(
                    VersionSpecifier(
                        VersionSpecifiers(
                            [
                                VersionSpecifier {
                                    operator: Equal,
                                    version: Version {
                                        epoch: 0,
                                        release: [
                                            1,
                                            0,
                                            0,
                                        ],
                                        pre: None,
                                        post: None,
                                        dev: None,
                                        local: None,
                                    },
                                },
                            ],
                        ),
                    ),
                ),
                marker: None,
            },
            hashes: [],
            editable: false,
        },
    ],
    constraints: [],
}
