---
source: crates/requirements-txt/src/lib.rs
expression: actual
---
RequirementsTxt {
    requirements: [
        RequirementEntry {
            requirement: Uv(
                UvRequirement {
                    name: PackageName(
                        "tqdm",
                    ),
                    extras: [],
                    marker: None,
                    source: Registry {
                        version: VersionSpecifiers(
                            [
                                VersionSpecifier {
                                    operator: Equal,
                                    version: "4.65.0",
                                },
                            ],
                        ),
                        index: None,
                    },
                },
            ),
            hashes: [],
        },
        RequirementEntry {
            requirement: Uv(
                UvRequirement {
                    name: PackageName(
                        "tomli-w",
                    ),
                    extras: [],
                    marker: None,
                    source: Registry {
                        version: VersionSpecifiers(
                            [
                                VersionSpecifier {
                                    operator: Equal,
                                    version: "1.0.0",
                                },
                            ],
                        ),
                        index: None,
                    },
                },
            ),
            hashes: [],
        },
    ],
    constraints: [],
    editables: [],
    index_url: None,
    extra_index_urls: [],
    find_links: [],
    no_index: false,
    no_binary: None,
    only_binary: None,
}
