---
source: crates/uv-resolver/src/lock.rs
expression: result
---
Ok(
    Lock {
        version: 1,
        fork_markers: None,
        requires_python: None,
        resolution_mode: Highest,
        prerelease_mode: IfNecessaryOrExplicit,
        exclude_newer: None,
        distributions: [
            Distribution {
                id: DistributionId {
                    name: PackageName(
                        "anyio",
                    ),
                    version: "4.3.0",
                    source: Registry(
                        Url {
                            scheme: "https",
                            cannot_be_a_base: false,
                            username: "",
                            password: None,
                            host: Some(
                                Domain(
                                    "pypi.org",
                                ),
                            ),
                            port: None,
                            path: "/simple",
                            query: None,
                            fragment: None,
                        },
                    ),
                },
                sdist: None,
                wheels: [
                    Wheel {
                        url: UrlString(
                            "https://files.pythonhosted.org/packages/14/fd/2f20c40b45e4fb4324834aea24bd4afdf1143390242c0b33774da0e2e34f/anyio-4.3.0-py3-none-any.whl",
                        ),
                        hash: None,
                        size: None,
                        filename: WheelFilename {
                            name: PackageName(
                                "anyio",
                            ),
                            version: "4.3.0",
                            build_tag: None,
                            python_tag: [
                                "py3",
                            ],
                            abi_tag: [
                                "none",
                            ],
                            platform_tag: [
                                "any",
                            ],
                        },
                    },
                ],
                fork_markers: None,
                dependencies: [],
                optional_dependencies: {},
                dev_dependencies: {},
            },
        ],
        by_id: {
            DistributionId {
                name: PackageName(
                    "anyio",
                ),
                version: "4.3.0",
                source: Registry(
                    Url {
                        scheme: "https",
                        cannot_be_a_base: false,
                        username: "",
                        password: None,
                        host: Some(
                            Domain(
                                "pypi.org",
                            ),
                        ),
                        port: None,
                        path: "/simple",
                        query: None,
                        fragment: None,
                    },
                ),
            }: 0,
        },
    },
)
