---
source: crates/uv-resolver/src/lock.rs
expression: result
---
Err(
    Error {
        inner: Error {
            inner: TomlError {
                message: "since the distribution `anyio==4.3.0 @ registry+https://pypi.org/simple` comes from a registry dependency, a hash was expected but one was not found for wheel",
                raw: None,
                keys: [],
                span: None,
            },
        },
    },
)
