---
source: crates/uv-resolver/src/lock.rs
expression: result
---
Ok(
    Lock {
        version: 1,
        fork_markers: None,
        requires_python: None,
        resolution_mode: Highest,
        prerelease_mode: IfNecessaryOrExplicit,
        exclude_newer: None,
        distributions: [
            Distribution {
                id: DistributionId {
                    name: PackageName(
                        "anyio",
                    ),
                    version: "4.3.0",
                    source: Path(
                        "file:///foo/bar",
                    ),
                },
                sdist: None,
                wheels: [
                    Wheel {
                        url: UrlString(
                            "file:///foo/bar/anyio-4.3.0-py3-none-any.whl",
                        ),
                        hash: Some(
                            Hash(
                                HashDigest {
                                    algorithm: Sha256,
                                    digest: "048e05d0f6caeed70d731f3db756d35dcc1f35747c8c403364a8332c630441b8",
                                },
                            ),
                        ),
                        size: None,
                        filename: WheelFilename {
                            name: PackageName(
                                "anyio",
                            ),
                            version: "4.3.0",
                            build_tag: None,
                            python_tag: [
                                "py3",
                            ],
                            abi_tag: [
                                "none",
                            ],
                            platform_tag: [
                                "any",
                            ],
                        },
                    },
                ],
                fork_markers: None,
                dependencies: [],
                optional_dependencies: {},
                dev_dependencies: {},
            },
        ],
        by_id: {
            DistributionId {
                name: PackageName(
                    "anyio",
                ),
                version: "4.3.0",
                source: Path(
                    "file:///foo/bar",
                ),
            }: 0,
        },
    },
)
