---
source: crates/uv-resolver/src/lock.rs
expression: result
---
Err(
    Error {
        inner: Error {
            inner: TomlError {
                message: "dependency a has missing `source` field but has more than one matching distribution",
                raw: None,
                keys: [],
                span: None,
            },
        },
    },
)
