---
source: crates/uv-resolver/src/lock.rs
expression: result
---
Ok(
    Lock {
        version: 1,
        fork_markers: None,
        requires_python: None,
        resolution_mode: Highest,
        prerelease_mode: IfNecessaryOrExplicit,
        exclude_newer: None,
        distributions: [
            Distribution {
                id: DistributionId {
                    name: PackageName(
                        "anyio",
                    ),
                    version: "4.3.0",
                    source: Editable(
                        "path/to/dir",
                    ),
                },
                sdist: None,
                wheels: [],
                fork_markers: None,
                dependencies: [],
                optional_dependencies: {},
                dev_dependencies: {},
            },
        ],
        by_id: {
            DistributionId {
                name: PackageName(
                    "anyio",
                ),
                version: "4.3.0",
                source: Editable(
                    "path/to/dir",
                ),
            }: 0,
        },
    },
)
