---
source: crates/uv-resolver/src/lock.rs
expression: result
---
Ok(
    Lock {
        version: 1,
        fork_markers: None,
        requires_python: None,
        resolution_mode: Highest,
        prerelease_mode: IfNecessaryOrExplicit,
        exclude_newer: None,
        distributions: [
            Distribution {
                id: DistributionId {
                    name: PackageName(
                        "a",
                    ),
                    version: "0.1.0",
                    source: Registry(
                        Url {
                            scheme: "https",
                            cannot_be_a_base: false,
                            username: "",
                            password: None,
                            host: Some(
                                Domain(
                                    "pypi.org",
                                ),
                            ),
                            port: None,
                            path: "/simple",
                            query: None,
                            fragment: None,
                        },
                    ),
                },
                sdist: Some(
                    Url {
                        url: UrlString(
                            "https://example.com",
                        ),
                        metadata: SourceDistMetadata {
                            hash: Some(
                                Hash(
                                    HashDigest {
                                        algorithm: Sha256,
                                        digest: "37dd54208da7e1cd875388217d5e00ebd4179249f90fb72437e91a35459a0ad3",
                                    },
                                ),
                            ),
                            size: Some(
                                0,
                            ),
                        },
                    },
                ),
                wheels: [],
                fork_markers: None,
                dependencies: [],
                optional_dependencies: {},
                dev_dependencies: {},
            },
            Distribution {
                id: DistributionId {
                    name: PackageName(
                        "b",
                    ),
                    version: "0.1.0",
                    source: Registry(
                        Url {
                            scheme: "https",
                            cannot_be_a_base: false,
                            username: "",
                            password: None,
                            host: Some(
                                Domain(
                                    "pypi.org",
                                ),
                            ),
                            port: None,
                            path: "/simple",
                            query: None,
                            fragment: None,
                        },
                    ),
                },
                sdist: Some(
                    Url {
                        url: UrlString(
                            "https://example.com",
                        ),
                        metadata: SourceDistMetadata {
                            hash: Some(
                                Hash(
                                    HashDigest {
                                        algorithm: Sha256,
                                        digest: "37dd54208da7e1cd875388217d5e00ebd4179249f90fb72437e91a35459a0ad3",
                                    },
                                ),
                            ),
                            size: Some(
                                0,
                            ),
                        },
                    },
                ),
                wheels: [],
                fork_markers: None,
                dependencies: [
                    Dependency {
                        distribution_id: DistributionId {
                            name: PackageName(
                                "a",
                            ),
                            version: "0.1.0",
                            source: Registry(
                                Url {
                                    scheme: "https",
                                    cannot_be_a_base: false,
                                    username: "",
                                    password: None,
                                    host: Some(
                                        Domain(
                                            "pypi.org",
                                        ),
                                    ),
                                    port: None,
                                    path: "/simple",
                                    query: None,
                                    fragment: None,
                                },
                            ),
                        },
                        extra: {},
                        marker: None,
                    },
                ],
                optional_dependencies: {},
                dev_dependencies: {},
            },
        ],
        by_id: {
            DistributionId {
                name: PackageName(
                    "a",
                ),
                version: "0.1.0",
                source: Registry(
                    Url {
                        scheme: "https",
                        cannot_be_a_base: false,
                        username: "",
                        password: None,
                        host: Some(
                            Domain(
                                "pypi.org",
                            ),
                        ),
                        port: None,
                        path: "/simple",
                        query: None,
                        fragment: None,
                    },
                ),
            }: 0,
            DistributionId {
                name: PackageName(
                    "b",
                ),
                version: "0.1.0",
                source: Registry(
                    Url {
                        scheme: "https",
                        cannot_be_a_base: false,
                        username: "",
                        password: None,
                        host: Some(
                            Domain(
                                "pypi.org",
                            ),
                        ),
                        port: None,
                        path: "/simple",
                        query: None,
                        fragment: None,
                    },
                ),
            }: 1,
        },
    },
)
