---
source: crates/puffin-cli/tests/pip_compile.rs
info:
  program: puffin
  args:
    - pip-compile
    - requirements.in
    - "--cache-dir"
    - /var/folders/bc/qlsk3t6x7c9fhhbvvcg68k9c0000gp/T/.tmpiccUSp
  env:
    VIRTUAL_ENV: /var/folders/bc/qlsk3t6x7c9fhhbvvcg68k9c0000gp/T/.tmpCLX1o7/.venv
---
success: false
exit_code: 1
----- stdout -----

----- stderr -----
  × No solution found when resolving dependencies:
  ╰─▶ Because there is no version of werkzeug available matching >=3.0.0 and
      flask==3.0.0 depends on werkzeug>=3.0.0, flask ==3.0.0 is forbidden.
      And because root depends on flask==3.0.0, root cannot be satisfied.

