---
source: crates/puffin-cli/tests/pip_compile.rs
info:
  program: puffin
  args:
    - pip-compile
    - requirements.in
    - "--cache-dir"
    - /tmp/.tmpR1rZex
    - "--exclude-newer"
    - "2023-11-18T12:00:00Z"
  env:
    VIRTUAL_ENV: /tmp/.tmpy0g4rP/.venv
---
success: false
exit_code: 2
----- stdout -----

----- stderr -----
error: Failed to download and build dask @ git+https://github.com/pallets/flask.git@3.0.0
  Caused by: Package metadata name `flask` does not match given name `dask`

