---
source: crates/puffin-cli/tests/pip_compile.rs
info:
  program: puffin
  args:
    - pip-compile
    - pyproject.toml
    - "--cache-dir"
    - /var/folders/bc/qlsk3t6x7c9fhhbvvcg68k9c0000gp/T/.tmpAFfkaN
  env:
    VIRTUAL_ENV: /var/folders/bc/qlsk3t6x7c9fhhbvvcg68k9c0000gp/T/.tmpOGc5nS/.venv
---
success: false
exit_code: 2
----- stdout -----

----- stderr -----
error: Conflicting versions requested for package `django`: `>=4.0` is incompatible with `<=3.0`

