---
source: crates/puffin-cli/tests/pip_compile.rs
info:
  program: puffin
  args:
    - pip-compile
    - requirements.in
    - "--cache-dir"
    - /var/folders/nt/6gf2v7_s3k13zq_t3944rwz40000gn/T/.tmpPGmK15
  env:
    VIRTUAL_ENV: /var/folders/nt/6gf2v7_s3k13zq_t3944rwz40000gn/T/.tmpgXUIr9/.venv
---
success: false
exit_code: 2
----- stdout -----

----- stderr -----
error: Conflicting URLs for package `werkzeug`: https://files.pythonhosted.org/packages/bd/24/11c3ea5a7e866bf2d97f0501d0b4b1c9bbeade102bb4b588f0d2919a5212/Werkzeug-2.0.1-py3-none-any.whl and https://files.pythonhosted.org/packages/ff/1d/960bb4017c68674a1cb099534840f18d3def3ce44aed12b5ed8b78e0153e/Werkzeug-2.0.0-py3-none-any.whl

