---
source: crates/puffin-cli/tests/pip_compile.rs
info:
  program: puffin
  args:
    - pip-compile
    - requirements.in
    - "--cache-dir"
    - /var/folders/bc/qlsk3t6x7c9fhhbvvcg68k9c0000gp/T/.tmpur3UYY
  env:
    VIRTUAL_ENV: /var/folders/bc/qlsk3t6x7c9fhhbvvcg68k9c0000gp/T/.tmpBlhDHf/.venv
---
success: false
exit_code: 1
----- stdout -----

----- stderr -----
  × No solution found when resolving dependencies:
  ╰─▶ Because root depends on werkzeug @ https://
      files.pythonhosted.org/packages/
      bd/24/11c3ea5a7e866bf2d97f0501d0b4b1c9bbeade102bb4b588f0d2919a5212/
      Werkzeug-2.0.1-py3-none-any.whl==0 and root depends
      on werkzeug @ https://files.pythonhosted.org/packages/
      ff/1d/960bb4017c68674a1cb099534840f18d3def3ce44aed12b5ed8b78e0153e/
      Werkzeug-2.0.0-py3-none-any.whl==1, version solving failed.

