---
source: crates/puffin-cli/tests/pip_compile.rs
info:
  program: puffin
  args:
    - pip-compile
    - pyproject.toml
    - "--cache-dir"
    - /var/folders/bc/qlsk3t6x7c9fhhbvvcg68k9c0000gp/T/.tmpfuaPhl
  env:
    VIRTUAL_ENV: /var/folders/bc/qlsk3t6x7c9fhhbvvcg68k9c0000gp/T/.tmpLxUB5I/.venv
---
success: false
exit_code: 1
----- stdout -----

----- stderr -----
  × No solution found when resolving dependencies:
  ╰─▶ my-project 0a0.dev0 depends on django ∅

