---
source: crates/puffin-cli/tests/pip_compile.rs
info:
  program: puffin
  args:
    - pip-compile
    - pyproject.toml
    - "--extra"
    - invalid name!
    - "--cache-dir"
    - /tmp/.tmpiOHlGv
  env:
    VIRTUAL_ENV: /tmp/.tmpA05wES/.venv
---
success: false
exit_code: 2
----- stdout -----

----- stderr -----
error: invalid value 'invalid name!' for '--extra <EXTRA>': Extra names must start and end with a letter or digit and may only contain -, _, ., and alphanumeric characters

For more information, try '--help'.

