---
source: crates/puffin-cli/tests/pip_compile.rs
info:
  program: puffin
  args:
    - pip-compile
    - requirements.in
    - "--cache-dir"
    - /var/folders/bc/qlsk3t6x7c9fhhbvvcg68k9c0000gp/T/.tmpPPS74q
  env:
    VIRTUAL_ENV: /var/folders/bc/qlsk3t6x7c9fhhbvvcg68k9c0000gp/T/.tmplYH9yM/.venv
---
success: false
exit_code: 1
----- stdout -----

----- stderr -----
  × No solution found when resolving dependencies:
  ╰─▶ root dependencies are unusable: Conflicting URLs for package `werkzeug`:
      - git+https://github.com/pallets/werkzeug.git@2.0.0
      - https://files.pythonhosted.org/packages/ff/1d/960bb4017c68674a1cb099534840f18d3def3ce44aed12b5ed8b78e0153e/Werkzeug-2.0.0-py3-none-any.whl

