---
source: crates/puffin-cli/tests/pip_compile.rs
info:
  program: puffin
  args:
    - pip-compile
    - pyproject.toml
    - "--cache-dir"
    - /var/folders/bc/qlsk3t6x7c9fhhbvvcg68k9c0000gp/T/.tmpgsozkO
  env:
    VIRTUAL_ENV: /var/folders/bc/qlsk3t6x7c9fhhbvvcg68k9c0000gp/T/.tmpwjg05J/.venv
---
success: false
exit_code: 2
----- stdout -----

----- stderr -----
error: Conflicting versions for package `django`: ==5.0b1 is incompatible with ==5.0a1

