---
source: crates/puffin-cli/tests/venv.rs
info:
  program: puffin
  args:
    - venv
    - /var/folders/nt/6gf2v7_s3k13zq_t3944rwz40000gn/T/.tmpINXhJh/.venv
    - "--python"
    - python3.12
---
success: true
exit_code: 0
----- stdout -----

----- stderr -----
Using Python [VERSION] at [PATH]
Creating virtual environment at: /home/ferris/project/.venv

