---
source: crates/uv-client/tests/user_agent_version.rs
expression: "&linehaul"
---
{
  "installer": {
    "name": "uv",
    "version": "[VERSION]"
  },
  "python": "3.12.2",
  "implementation": {
    "name": "CPython",
    "version": "3.12.2"
  },
  "distro": "[distro]",
  "system": {
    "name": "Linux",
    "release": "6.5.0-1016-azure"
  },
  "cpu": "x86_64",
  "openssl_version": null,
  "setuptools_version": null,
  "rustc_version": null,
  "ci": "[ci]"
}
