---
source: crates/distribution-filename/src/wheel.rs
expression: "WheelFilename::from_str(\"foo-1.2.3-foo-bar-baz.whl\")"
---
Ok(
    WheelFilename {
        name: PackageName(
            "foo",
        ),
        version: Version {
            epoch: 0,
            release: [
                1,
                2,
                3,
            ],
            pre: None,
            post: None,
            dev: None,
            local: None,
        },
        python_tag: [
            "foo",
        ],
        abi_tag: [
            "bar",
        ],
        platform_tag: [
            "baz",
        ],
    },
)
